// Jest Snapshot v1, https://goo.gl/fbAQLP

exports[`RoundTwo Component should match the snapshot when rendering for the first time 1`] = `
<MemoryRouter
  initialEntries={
    Array [
      Object {
        "key": "testKey",
        "pathname": "/",
      },
    ]
  }
>
  <Router
    history={
      Object {
        "action": "POP",
        "block": [Function],
        "canGo": [Function],
        "createHref": [Function],
        "entries": Array [
          Object {
            "hash": "",
            "key": "testKey",
            "pathname": "/",
            "search": "",
          },
        ],
        "go": [Function],
        "goBack": [Function],
        "goForward": [Function],
        "index": 0,
        "length": 1,
        "listen": [Function],
        "location": Object {
          "hash": "",
          "key": "testKey",
          "pathname": "/",
          "search": "",
        },
        "push": [Function],
        "replace": [Function],
      }
    }
  >
    <RoundTwo>
      <main
        className="round-two-main"
      >
        <Header>
          <header
            className="round-header"
          >
            <button
              onClick={[Function]}
            >
              <img
                alt="back"
                src="down.svg"
              />
              to dashboard
            </button>
            <h1>
              Condensate
            </h1>
          </header>
        </Header>
        <section
          className="template-question-section-wrapper"
        >
          <ExampleSentence
            exampleSentence="Play with a toy"
          >
            <h3
              className="template-question-h3"
            >
              Play with a toy
            </h3>
          </ExampleSentence>
          <section
            className="responses-section"
          >
            <header>
              <input
                autoComplete="off"
                id="responses-input"
                maxLength={100}
                onChange={[Function]}
                onKeyDown={[Function]}
                placeholder="Write your question here..."
                type="text"
                value=""
              />
              <img
                alt="submit-checkmark-icon"
                onClick={[Function]}
                src="check.svg"
              />
            </header>
            <div
              className="responses-div"
            />
          </section>
        </section>
        <footer>
          <div
            className="question-numbers-div"
          >
            <h2
              className="question-number-h2 current-round"
              id="step-0"
              key="0"
            >
              1
            </h2>
            <h2
              className="question-number-h2 "
              id="step-1"
              key="1"
            >
              2
            </h2>
            <h2
              className="question-number-h2 "
              id="step-2"
              key="2"
            >
              3
            </h2>
          </div>
          <Timer
            time={60}
          >
            <p
              className="timer"
            >
              60
            </p>
          </Timer>
        </footer>
      </main>
    </RoundTwo>
  </Router>
</MemoryRouter>
`;
