// Jest Snapshot v1, https://goo.gl/fbAQLP

exports[`BrainstormForm should match the snapshot 1`] = `
<MemoryRouter
  initialEntries={
    Array [
      Object {
        "key": "testKey",
        "pathname": "/",
      },
    ]
  }
>
  <Router
    history={
      Object {
        "action": "POP",
        "block": [Function],
        "canGo": [Function],
        "createHref": [Function],
        "entries": Array [
          Object {
            "hash": "",
            "key": "testKey",
            "pathname": "/",
            "search": "",
          },
        ],
        "go": [Function],
        "goBack": [Function],
        "goForward": [Function],
        "index": 0,
        "length": 1,
        "listen": [Function],
        "location": Object {
          "hash": "",
          "key": "testKey",
          "pathname": "/",
          "search": "",
        },
        "push": [Function],
        "replace": [Function],
      }
    }
  >
    <BrainstormForm
      brainstormFormState={true}
      cancel={[MockFunction]}
    >
      <form
        className="brainstorm-form"
      >
        <h2
          className="brainstorm-form-h2"
        >
          CREATE NEW BRAINSTORM
        </h2>
        <div
          className="brainstorm-div"
        >
          <label
            className="brainstorm-label"
          >
            IDEA QUESTION
          </label>
          <IdeaQuestion
            formState={
              Object {
                "action": Object {
                  "action": "Create an App",
                  "id": 1,
                },
                "categories": Array [],
                "question": "",
                "reset": false,
              }
            }
            setQuestion={[Function]}
          >
            <input
              className="idea-question-input"
              onChange={[Function]}
              placeholder="Enter your idea here..."
              type="text"
              value=""
            />
          </IdeaQuestion>
        </div>
        <div
          className="brainstorm-div"
        >
          <label
            className="brainstorm-label"
          >
            CATEGORIES
            <img
              alt="down"
              onClick={[Function]}
              src="down.svg"
            />
          </label>
        </div>
        <div
          className="brainstorm-div"
        >
          <label
            className="brainstorm-label"
          >
            DESIRED ACTION
          </label>
          <ActionsField
            formState={
              Object {
                "action": Object {
                  "action": "Create an App",
                  "id": 1,
                },
                "categories": Array [],
                "question": "",
                "reset": false,
              }
            }
            setAction={[Function]}
          >
            <div
              className="action-toggle"
            >
              <header
                className=""
                onClick={[Function]}
              >
                <p
                  className="chosen"
                >
                  Create an app
                </p>
                <img
                  alt="down"
                  src="down.svg"
                />
              </header>
            </div>
          </ActionsField>
        </div>
        <div
          className="brainstorm-div"
        >
          <label
            className="brainstorm-label"
          >
            SUMMARY
          </label>
          <textarea
            className="brainstorm-summary-textarea"
            placeholder="Typed summary here..."
            readOnly={true}
            value=""
          />
        </div>
        <div
          className="brainstorm-form-menu"
        >
          <button
            className="cancel-btn"
            onClick={[Function]}
            type="button"
          >
            cancel
          </button>
          <button
            className="clean-btn"
            onClick={[Function]}
            type="button"
          >
            <img
              alt="broom-icon"
              className="broom"
              src="broom.svg"
            />
          </button>
          <button
            className="start-btn"
            disabled={true}
            onClick={[Function]}
            type="button"
          >
            start
          </button>
        </div>
      </form>
    </BrainstormForm>
  </Router>
</MemoryRouter>
`;

exports[`BrainstormForm should reset state when resetForm is called 1`] = `
<MemoryRouter
  initialEntries={
    Array [
      Object {
        "key": "testKey",
        "pathname": "/",
      },
    ]
  }
>
  <Router
    history={
      Object {
        "action": "POP",
        "block": [Function],
        "canGo": [Function],
        "createHref": [Function],
        "entries": Array [
          Object {
            "hash": "",
            "key": "testKey",
            "pathname": "/",
            "search": "",
          },
        ],
        "go": [Function],
        "goBack": [Function],
        "goForward": [Function],
        "index": 0,
        "length": 1,
        "listen": [Function],
        "location": Object {
          "hash": "",
          "key": "testKey",
          "pathname": "/",
          "search": "",
        },
        "push": [Function],
        "replace": [Function],
      }
    }
  >
    <BrainstormForm
      brainstormFormState={true}
      cancel={[MockFunction]}
    >
      <form
        className="brainstorm-form"
      >
        <h2
          className="brainstorm-form-h2"
        >
          CREATE NEW BRAINSTORM
        </h2>
        <div
          className="brainstorm-div"
        >
          <label
            className="brainstorm-label"
          >
            IDEA QUESTION
          </label>
          <IdeaQuestion
            formState={
              Object {
                "action": Object {
                  "action": "Create an App",
                  "id": 1,
                },
                "categories": Array [],
                "question": "Who ate my cheeseburger?",
                "reset": false,
              }
            }
            setQuestion={[Function]}
          >
            <input
              className="idea-question-input"
              onChange={[Function]}
              placeholder="Enter your idea here..."
              type="text"
              value="Who ate my cheeseburger?"
            />
          </IdeaQuestion>
        </div>
        <div
          className="brainstorm-div"
        >
          <label
            className="brainstorm-label"
          >
            CATEGORIES
            <img
              alt="down"
              onClick={[Function]}
              src="down.svg"
            />
          </label>
        </div>
        <div
          className="brainstorm-div"
        >
          <label
            className="brainstorm-label"
          >
            DESIRED ACTION
          </label>
          <ActionsField
            formState={
              Object {
                "action": Object {
                  "action": "Create an App",
                  "id": 1,
                },
                "categories": Array [],
                "question": "Who ate my cheeseburger?",
                "reset": false,
              }
            }
            setAction={[Function]}
          >
            <div
              className="action-toggle"
            >
              <header
                className=""
                onClick={[Function]}
              >
                <p
                  className="chosen"
                >
                  Create an app
                </p>
                <img
                  alt="down"
                  src="down.svg"
                />
              </header>
            </div>
          </ActionsField>
        </div>
        <div
          className="brainstorm-div"
        >
          <label
            className="brainstorm-label"
          >
            SUMMARY
          </label>
          <textarea
            className="brainstorm-summary-textarea"
            placeholder="Typed summary here..."
            readOnly={true}
            value=""
          />
        </div>
        <div
          className="brainstorm-form-menu"
        >
          <button
            className="cancel-btn"
            onClick={[Function]}
            type="button"
          >
            cancel
          </button>
          <button
            className="clean-btn"
            onClick={[Function]}
            type="button"
          >
            <img
              alt="broom-icon"
              className="broom"
              src="broom.svg"
            />
          </button>
          <button
            className="start-btn"
            disabled={true}
            onClick={[Function]}
            type="button"
          >
            start
          </button>
        </div>
      </form>
    </BrainstormForm>
  </Router>
</MemoryRouter>
`;

exports[`BrainstormForm should reset state when resetForm is called 2`] = `
<MemoryRouter
  initialEntries={
    Array [
      Object {
        "key": "testKey",
        "pathname": "/",
      },
    ]
  }
>
  <Router
    history={
      Object {
        "action": "POP",
        "block": [Function],
        "canGo": [Function],
        "createHref": [Function],
        "entries": Array [
          Object {
            "hash": "",
            "key": "testKey",
            "pathname": "/",
            "search": "",
          },
        ],
        "go": [Function],
        "goBack": [Function],
        "goForward": [Function],
        "index": 0,
        "length": 1,
        "listen": [Function],
        "location": Object {
          "hash": "",
          "key": "testKey",
          "pathname": "/",
          "search": "",
        },
        "push": [Function],
        "replace": [Function],
      }
    }
  >
    <BrainstormForm
      brainstormFormState={true}
      cancel={[MockFunction]}
    >
      <form
        className="brainstorm-form"
      >
        <h2
          className="brainstorm-form-h2"
        >
          CREATE NEW BRAINSTORM
        </h2>
        <div
          className="brainstorm-div"
        >
          <label
            className="brainstorm-label"
          >
            IDEA QUESTION
          </label>
          <IdeaQuestion
            formState={
              Object {
                "action": Object {
                  "action": "Create an App",
                  "id": 1,
                },
                "categories": Array [],
                "question": "",
                "reset": false,
              }
            }
            setQuestion={[Function]}
          >
            <input
              className="idea-question-input"
              onChange={[Function]}
              placeholder="Enter your idea here..."
              type="text"
              value=""
            />
          </IdeaQuestion>
        </div>
        <div
          className="brainstorm-div"
        >
          <label
            className="brainstorm-label"
          >
            CATEGORIES
            <img
              alt="down"
              onClick={[Function]}
              src="down.svg"
            />
          </label>
        </div>
        <div
          className="brainstorm-div"
        >
          <label
            className="brainstorm-label"
          >
            DESIRED ACTION
          </label>
          <ActionsField
            formState={
              Object {
                "action": Object {
                  "action": "Create an App",
                  "id": 1,
                },
                "categories": Array [],
                "question": "",
                "reset": false,
              }
            }
            setAction={[Function]}
          >
            <div
              className="action-toggle"
            >
              <header
                className=""
                onClick={[Function]}
              >
                <p
                  className="chosen"
                >
                  Create an app
                </p>
                <img
                  alt="down"
                  src="down.svg"
                />
              </header>
            </div>
          </ActionsField>
        </div>
        <div
          className="brainstorm-div"
        >
          <label
            className="brainstorm-label"
          >
            SUMMARY
          </label>
          <textarea
            className="brainstorm-summary-textarea"
            placeholder="Typed summary here..."
            readOnly={true}
            value=""
          />
        </div>
        <div
          className="brainstorm-form-menu"
        >
          <button
            className="cancel-btn"
            onClick={[Function]}
            type="button"
          >
            cancel
          </button>
          <button
            className="clean-btn"
            onClick={[Function]}
            type="button"
          >
            <img
              alt="broom-icon"
              className="broom"
              src="broom.svg"
            />
          </button>
          <button
            className="start-btn"
            disabled={true}
            onClick={[Function]}
            type="button"
          >
            start
          </button>
        </div>
      </form>
    </BrainstormForm>
  </Router>
</MemoryRouter>
`;
