// Jest Snapshot v1, https://goo.gl/fbAQLP

exports[`Header time component should match the snapshot 1`] = `
<header
  className="round-header"
>
  <button
    onClick={[Function]}
  >
    <img
      alt="back"
      src="down.svg"
    />
    to dashboard
  </button>
  <h1>
    Condensate
  </h1>
</header>
`;

exports[`Header time component should match the snapshot after button is clicked 1`] = `
<Redirect
  to="/dashboard"
/>
`;
