// Jest Snapshot v1, https://goo.gl/fbAQLP

exports[`App component should match the snapshot 1`] = `
<div
  className="App"
>
  <Switch>
    <Route
      exact={true}
      path="/"
      render={[Function]}
    />
    <Route
      path="/dashboard"
      render={[Function]}
    />
    <Route
      path="/gameboard/round-one"
      render={[Function]}
    />
    <Route
      path="/gameboard/round-two"
      render={[Function]}
    />
    <Route
      component={[Function]}
    />
  </Switch>
</div>
`;
