// Jest Snapshot v1, https://goo.gl/fbAQLP

exports[`BrainstormAction should match the snapshot 1`] = `
<option>
  create an app
</option>
`;
