// Jest Snapshot v1, https://goo.gl/fbAQLP

exports[`LoginForm component should match the snapshot 1`] = `
<div>
  <h2>
    Hello
  </h2>
</div>
`;
