// Jest Snapshot v1, https://goo.gl/fbAQLP

exports[`GameBoard component should match the snapshot 1`] = `
<main
  className="game-board"
>
  <BubblesAll />
</main>
`;

exports[`GameBoard component should match the snapshot if there is all 9 words 1`] = `
<main
  className="game-board"
>
  <BubblesReducer
    chosenWords={
      Array [
        "Rest",
        "Toy",
        "Snow",
        "Owl",
        "Oil",
        "Grid",
        "Math",
        "Leg",
        "Men",
      ]
    }
  />
</main>
`;
