// Jest Snapshot v1, https://goo.gl/fbAQLP

exports[`GenerateInsights component should match the snapshot 1`] = `
<div
  className="insights-div"
  id="1"
  key="1"
>
  <h3>
    Other
  </h3>
  <img
    alt="delete icon"
    onClick={[Function]}
    src="close.svg"
  />
</div>
`;
